I'm sorry, but errors were detected in your script. Please correct the
errors listed below, and try again.


File "game/day2.rpy", line 148: Line is indented, but the preceding say statement statement does not expect a block. Please check this line's indentation.
    menu:
    ^

Ren'Py Version: Ren'Py 6.99.5.602
